// Jest Snapshot v1, https://goo.gl/fbAQLP

exports[`constants should match the snapshot 1`] = `
Object {
  "EXCEPTION": "EXCEPTION",
  "HIDE_ALERT": "HIDE_ALERT",
  "MBTI_GET_QUESTIONS": "MBTI_GET_QUESTIONS",
  "MBTI_GET_QUESTIONS_FAILURE": "MBTI_GET_QUESTIONS_FAILURE",
  "MBTI_GET_QUESTIONS_SUCCESS": "MBTI_GET_QUESTIONS_SUCCESS",
  "MBTI_GET_RESULT": "MBTI_GET_RESULT",
  "MBTI_GET_RESULT_FAILURE": "MBTI_GET_RESULT_FAILURE",
  "MBTI_GET_RESULT_SUCCESS": "MBTI_GET_RESULT_SUCCESS",
  "MBTI_SUBMIT_ANSWERS": "MBTI_SUBMIT_ANSWERS",
  "MBTI_SUBMIT_ANSWERS_FAILURE": "MBTI_SUBMIT_ANSWERS_FAILURE",
  "MBTI_SUBMIT_ANSWERS_SUCCESS": "MBTI_SUBMIT_ANSWERS_SUCCESS",
  "SHOW_ALERT": "SHOW_ALERT",
  "SWITCH_MENU": "SWITCH_MENU",
  "USER_LOGIN": "USER_LOGIN",
  "USER_LOGIN_FAILURE": "USER_LOGIN_FAILURE",
  "USER_LOGIN_SUCCESS": "USER_LOGIN_SUCCESS",
  "USER_LOGOUT": "USER_LOGOUT",
  "USER_LOGOUT_FAILURE": "USER_LOGOUT_FAILURE",
  "USER_LOGOUT_SUCCESS": "USER_LOGOUT_SUCCESS",
}
`;

exports[`constants should match the snapshot 2`] = `
Object {
  "ERROR": "error",
  "IDLE": "idle",
  "READY": "ready",
  "RUNNING": "running",
  "SUCCESS": "success",
}
`;
