// Jest Snapshot v1, https://goo.gl/fbAQLP

exports[`Background should render properly 1`] = `
.c0 {
  background: #113264;
  color: #fff;
  min-height: 100vh;
  overflow: hidden;
  position: relative;
}

<Background>
  <div
    className="c0"
  />
</Background>
`;
